// Jest Snapshot v1, https://goo.gl/fbAQLP

exports[`Test of component of Photo Test Snapshot 1`] = `
ShallowWrapper {
  Symbol(enzyme.__root__): [Circular],
  Symbol(enzyme.__unrendered__): <Photo
    match={
      Object {
        "params": Object {
          "id": "sC-BXbi9ajw",
        },
      }
    }
  />,
  Symbol(enzyme.__renderer__): Object {
    "batchedUpdates": [Function],
    "getNode": [Function],
    "render": [Function],
    "simulateError": [Function],
    "simulateEvent": [Function],
    "unmount": [Function],
  },
  Symbol(enzyme.__node__): Object {
    "instance": null,
    "key": undefined,
    "nodeType": "host",
    "props": Object {
      "children": Array [
        <Spinner
          className="spinner"
        />,
        <Card
          cover={
            <img
              alt="example"
              className="photo__img"
              src={null}
            />
          }
          style={
            Object {
              "width": "100%",
            }
          }
        >
          <Unknown
            className="photo__desc"
            title="No title"
          />
          <Link
            replace={false}
            to="/users/UserNic"
          >
            <p
              className="photo__autor-page-link"
            >
              Autor's page link
            </p>
          </Link>
          <a
            className="photo__autor-link"
            href=""
          >
            Autor's portfolio link
          </a>
        </Card>,
      ],
      "className": "photo-container photo",
    },
    "ref": null,
    "rendered": Array [
      Object {
        "instance": null,
        "key": undefined,
        "nodeType": "function",
        "props": Object {
          "className": "spinner",
        },
        "ref": null,
        "rendered": null,
        "type": [Function],
      },
      Object {
        "instance": null,
        "key": undefined,
        "nodeType": "class",
        "props": Object {
          "children": Array [
            <Unknown
              className="photo__desc"
              title="No title"
            />,
            <Link
              replace={false}
              to="/users/UserNic"
            >
              <p
                className="photo__autor-page-link"
              >
                Autor's page link
              </p>
            </Link>,
            <a
              className="photo__autor-link"
              href=""
            >
              Autor's portfolio link
            </a>,
          ],
          "cover": <img
            alt="example"
            className="photo__img"
            src={null}
          />,
          "style": Object {
            "width": "100%",
          },
        },
        "ref": null,
        "rendered": Array [
          Object {
            "instance": null,
            "key": undefined,
            "nodeType": "function",
            "props": Object {
              "className": "photo__desc",
              "title": "No title",
            },
            "ref": null,
            "rendered": null,
            "type": [Function],
          },
          Object {
            "instance": null,
            "key": undefined,
            "nodeType": "class",
            "props": Object {
              "children": <p
                className="photo__autor-page-link"
              >
                Autor's page link
              </p>,
              "replace": false,
              "to": "/users/UserNic",
            },
            "ref": null,
            "rendered": Object {
              "instance": null,
              "key": undefined,
              "nodeType": "host",
              "props": Object {
                "children": "Autor's page link",
                "className": "photo__autor-page-link",
              },
              "ref": null,
              "rendered": "Autor's page link",
              "type": "p",
            },
            "type": [Function],
          },
          Object {
            "instance": null,
            "key": undefined,
            "nodeType": "host",
            "props": Object {
              "children": "Autor's portfolio link",
              "className": "photo__autor-link",
              "href": "",
            },
            "ref": null,
            "rendered": "Autor's portfolio link",
            "type": "a",
          },
        ],
        "type": [Function],
      },
    ],
    "type": "div",
  },
  Symbol(enzyme.__nodes__): Array [
    Object {
      "instance": null,
      "key": undefined,
      "nodeType": "host",
      "props": Object {
        "children": Array [
          <Spinner
            className="spinner"
          />,
          <Card
            cover={
              <img
                alt="example"
                className="photo__img"
                src={null}
              />
            }
            style={
              Object {
                "width": "100%",
              }
            }
          >
            <Unknown
              className="photo__desc"
              title="No title"
            />
            <Link
              replace={false}
              to="/users/UserNic"
            >
              <p
                className="photo__autor-page-link"
              >
                Autor's page link
              </p>
            </Link>
            <a
              className="photo__autor-link"
              href=""
            >
              Autor's portfolio link
            </a>
          </Card>,
        ],
        "className": "photo-container photo",
      },
      "ref": null,
      "rendered": Array [
        Object {
          "instance": null,
          "key": undefined,
          "nodeType": "function",
          "props": Object {
            "className": "spinner",
          },
          "ref": null,
          "rendered": null,
          "type": [Function],
        },
        Object {
          "instance": null,
          "key": undefined,
          "nodeType": "class",
          "props": Object {
            "children": Array [
              <Unknown
                className="photo__desc"
                title="No title"
              />,
              <Link
                replace={false}
                to="/users/UserNic"
              >
                <p
                  className="photo__autor-page-link"
                >
                  Autor's page link
                </p>
              </Link>,
              <a
                className="photo__autor-link"
                href=""
              >
                Autor's portfolio link
              </a>,
            ],
            "cover": <img
              alt="example"
              className="photo__img"
              src={null}
            />,
            "style": Object {
              "width": "100%",
            },
          },
          "ref": null,
          "rendered": Array [
            Object {
              "instance": null,
              "key": undefined,
              "nodeType": "function",
              "props": Object {
                "className": "photo__desc",
                "title": "No title",
              },
              "ref": null,
              "rendered": null,
              "type": [Function],
            },
            Object {
              "instance": null,
              "key": undefined,
              "nodeType": "class",
              "props": Object {
                "children": <p
                  className="photo__autor-page-link"
                >
                  Autor's page link
                </p>,
                "replace": false,
                "to": "/users/UserNic",
              },
              "ref": null,
              "rendered": Object {
                "instance": null,
                "key": undefined,
                "nodeType": "host",
                "props": Object {
                  "children": "Autor's page link",
                  "className": "photo__autor-page-link",
                },
                "ref": null,
                "rendered": "Autor's page link",
                "type": "p",
              },
              "type": [Function],
            },
            Object {
              "instance": null,
              "key": undefined,
              "nodeType": "host",
              "props": Object {
                "children": "Autor's portfolio link",
                "className": "photo__autor-link",
                "href": "",
              },
              "ref": null,
              "rendered": "Autor's portfolio link",
              "type": "a",
            },
          ],
          "type": [Function],
        },
      ],
      "type": "div",
    },
  ],
  Symbol(enzyme.__options__): Object {
    "adapter": ReactSixteenAdapter {
      "options": Object {
        "enableComponentDidUpdateOnSetState": true,
        "lifecycles": Object {
          "componentDidUpdate": Object {
            "onSetState": true,
          },
          "getDerivedStateFromProps": true,
          "getSnapshotBeforeUpdate": true,
          "setState": Object {
            "skipsComponentDidUpdateOnNullish": true,
          },
        },
      },
    },
  },
}
`;
