// Jest Snapshot v1, https://goo.gl/fbAQLP

exports[`Test of component of PhotoCard Home component initial renders with \`cards\` 1`] = `
<ul
  className="photo-list"
  data-test="PhotoList"
>
  <li
    className="photo-list__item"
    data-test="PhotoListItem"
    key="kdGstD3te3M"
  >
    <div
      className="photo-card-self"
    >
      <Card
        cover={
          <Link
            className="photo-card__photo-link"
            replace={false}
            to="/photo/kdGstD3te3M"
          >
            <img
              alt="example"
              className="photo-card__img"
              src="https://images.unsplash.com/photo-1558981408-db0ecd8a1ee4?ixlib=rb-1.2.1&q=80&fm=jpg&crop=entropy&cs=tinysrgb&w=1080&fit=max&ixid=eyJhcHBfaWQiOjQzODA4fQ"
            />
          </Link>
        }
        style={
          Object {
            "width": "100%",
          }
        }
      >
        <Link
          className="photo-card-self__link-ava"
          replace={false}
          to="/users/harleydavidson"
        >
          <Meta
            avatar={
              <Avatar
                shape="circle"
                size="default"
                src="https://images.unsplash.com/profile-1556751276456-1561737ea797?ixlib=rb-1.2.1&q=80&fm=jpg&crop=faces&cs=tinysrgb&fit=crop&h=128&w=128"
              />
            }
            title="Harley-Davidson"
          />
        </Link>
        <p
          className="photo-card-self__desc"
        >
          No Description
        </p>
        <div
          className="photo-card-self__badge-wrap"
        >
          <Tag
            className="photo-card-self__badge"
            closable={false}
            key="motorcycle"
            onClick={[Function]}
          >
            motorcycle
          </Tag>
        </div>
      </Card>
    </div>
  </li>
</ul>
`;

exports[`Test of component of PhotoCard Home component initial renders with initial props 1`] = `
<ul
  className="photo-list"
  data-test="PhotoList"
/>
`;
